---
source: tui/src/app/tests.rs
expression: rendered
---
╭────────────────────────────────────────────────────╮
│ >_ Telethryve (v<VERSION>)                         │
│    Powered by Codex                                │
│                                                    │
│ model:     gpt-5.4 xhigh   fast   /model to change │
│ directory: /tmp/project                            │
╰────────────────────────────────────────────────────╯
