---
source: tui/src/history_cell/tests.rs
expression: rendered
---
╭─────────────────────────────────────╮
│ >_ Telethryve (v0.144.0)            │
│    Powered by Codex                 │
│                                     │
│ model:     gpt-5   /model to change │
│ directory: /tmp/project             │
╰─────────────────────────────────────╯

  Tip: Model just became available
